Archive member included to satisfy reference by file (symbol)

c:/ac6/systemworkbench/plugins/fr.ac6.mcu.externaltools.arm-none.win32_1.15.0.201708311556/tools/compiler/bin/../lib/gcc/arm-none-eabi/6.3.1/../../../../arm-none-eabi/lib/thumb/v6-m\libc.a(lib_a-errno.o)
                              startup/sysmem.o (__errno)
c:/ac6/systemworkbench/plugins/fr.ac6.mcu.externaltools.arm-none.win32_1.15.0.201708311556/tools/compiler/bin/../lib/gcc/arm-none-eabi/6.3.1/../../../../arm-none-eabi/lib/thumb/v6-m\libc.a(lib_a-exit.o)
                              c:/ac6/systemworkbench/plugins/fr.ac6.mcu.externaltools.arm-none.win32_1.15.0.201708311556/tools/compiler/bin/../lib/gcc/arm-none-eabi/6.3.1/../../../../arm-none-eabi/lib/thumb/v6-m/crt0.o (exit)
c:/ac6/systemworkbench/plugins/fr.ac6.mcu.externaltools.arm-none.win32_1.15.0.201708311556/tools/compiler/bin/../lib/gcc/arm-none-eabi/6.3.1/../../../../arm-none-eabi/lib/thumb/v6-m\libc.a(lib_a-impure.o)
                              c:/ac6/systemworkbench/plugins/fr.ac6.mcu.externaltools.arm-none.win32_1.15.0.201708311556/tools/compiler/bin/../lib/gcc/arm-none-eabi/6.3.1/../../../../arm-none-eabi/lib/thumb/v6-m\libc.a(lib_a-exit.o) (_global_impure_ptr)
c:/ac6/systemworkbench/plugins/fr.ac6.mcu.externaltools.arm-none.win32_1.15.0.201708311556/tools/compiler/bin/../lib/gcc/arm-none-eabi/6.3.1/../../../../arm-none-eabi/lib/thumb/v6-m\libc.a(lib_a-init.o)
                              c:/ac6/systemworkbench/plugins/fr.ac6.mcu.externaltools.arm-none.win32_1.15.0.201708311556/tools/compiler/bin/../lib/gcc/arm-none-eabi/6.3.1/../../../../arm-none-eabi/lib/thumb/v6-m/crt0.o (__libc_init_array)
c:/ac6/systemworkbench/plugins/fr.ac6.mcu.externaltools.arm-none.win32_1.15.0.201708311556/tools/compiler/bin/../lib/gcc/arm-none-eabi/6.3.1/../../../../arm-none-eabi/lib/thumb/v6-m\libc.a(lib_a-memset.o)
                              c:/ac6/systemworkbench/plugins/fr.ac6.mcu.externaltools.arm-none.win32_1.15.0.201708311556/tools/compiler/bin/../lib/gcc/arm-none-eabi/6.3.1/../../../../arm-none-eabi/lib/thumb/v6-m/crt0.o (memset)
c:/ac6/systemworkbench/plugins/fr.ac6.mcu.externaltools.arm-none.win32_1.15.0.201708311556/tools/compiler/bin/../lib/gcc/arm-none-eabi/6.3.1/../../../../arm-none-eabi/lib/thumb/v6-m\libc.a(lib_a-__call_atexit.o)
                              c:/ac6/systemworkbench/plugins/fr.ac6.mcu.externaltools.arm-none.win32_1.15.0.201708311556/tools/compiler/bin/../lib/gcc/arm-none-eabi/6.3.1/../../../../arm-none-eabi/lib/thumb/v6-m\libc.a(lib_a-exit.o) (__call_exitprocs)
c:/ac6/systemworkbench/plugins/fr.ac6.mcu.externaltools.arm-none.win32_1.15.0.201708311556/tools/compiler/bin/../lib/gcc/arm-none-eabi/6.3.1/../../../../arm-none-eabi/lib/thumb/v6-m\libc.a(lib_a-atexit.o)
                              c:/ac6/systemworkbench/plugins/fr.ac6.mcu.externaltools.arm-none.win32_1.15.0.201708311556/tools/compiler/bin/../lib/gcc/arm-none-eabi/6.3.1/../../../../arm-none-eabi/lib/thumb/v6-m\libc.a(lib_a-__call_atexit.o) (atexit)
c:/ac6/systemworkbench/plugins/fr.ac6.mcu.externaltools.arm-none.win32_1.15.0.201708311556/tools/compiler/bin/../lib/gcc/arm-none-eabi/6.3.1/../../../../arm-none-eabi/lib/thumb/v6-m\libc.a(lib_a-fini.o)
                              c:/ac6/systemworkbench/plugins/fr.ac6.mcu.externaltools.arm-none.win32_1.15.0.201708311556/tools/compiler/bin/../lib/gcc/arm-none-eabi/6.3.1/../../../../arm-none-eabi/lib/thumb/v6-m\libc.a(lib_a-__call_atexit.o) (__libc_fini_array)
c:/ac6/systemworkbench/plugins/fr.ac6.mcu.externaltools.arm-none.win32_1.15.0.201708311556/tools/compiler/bin/../lib/gcc/arm-none-eabi/6.3.1/../../../../arm-none-eabi/lib/thumb/v6-m\libc.a(lib_a-lock.o)
                              c:/ac6/systemworkbench/plugins/fr.ac6.mcu.externaltools.arm-none.win32_1.15.0.201708311556/tools/compiler/bin/../lib/gcc/arm-none-eabi/6.3.1/../../../../arm-none-eabi/lib/thumb/v6-m\libc.a(lib_a-__call_atexit.o) (__retarget_lock_acquire_recursive)
c:/ac6/systemworkbench/plugins/fr.ac6.mcu.externaltools.arm-none.win32_1.15.0.201708311556/tools/compiler/bin/../lib/gcc/arm-none-eabi/6.3.1/../../../../arm-none-eabi/lib/thumb/v6-m\libc.a(lib_a-__atexit.o)
                              c:/ac6/systemworkbench/plugins/fr.ac6.mcu.externaltools.arm-none.win32_1.15.0.201708311556/tools/compiler/bin/../lib/gcc/arm-none-eabi/6.3.1/../../../../arm-none-eabi/lib/thumb/v6-m\libc.a(lib_a-atexit.o) (__register_exitproc)

Allocating common symbols
Common symbol       size              file

__lock___atexit_recursive_mutex
                    0x1               c:/ac6/systemworkbench/plugins/fr.ac6.mcu.externaltools.arm-none.win32_1.15.0.201708311556/tools/compiler/bin/../lib/gcc/arm-none-eabi/6.3.1/../../../../arm-none-eabi/lib/thumb/v6-m\libc.a(lib_a-lock.o)
__lock___arc4random_mutex
                    0x1               c:/ac6/systemworkbench/plugins/fr.ac6.mcu.externaltools.arm-none.win32_1.15.0.201708311556/tools/compiler/bin/../lib/gcc/arm-none-eabi/6.3.1/../../../../arm-none-eabi/lib/thumb/v6-m\libc.a(lib_a-lock.o)
__lock___env_recursive_mutex
                    0x1               c:/ac6/systemworkbench/plugins/fr.ac6.mcu.externaltools.arm-none.win32_1.15.0.201708311556/tools/compiler/bin/../lib/gcc/arm-none-eabi/6.3.1/../../../../arm-none-eabi/lib/thumb/v6-m\libc.a(lib_a-lock.o)
__lock___sinit_recursive_mutex
                    0x1               c:/ac6/systemworkbench/plugins/fr.ac6.mcu.externaltools.arm-none.win32_1.15.0.201708311556/tools/compiler/bin/../lib/gcc/arm-none-eabi/6.3.1/../../../../arm-none-eabi/lib/thumb/v6-m\libc.a(lib_a-lock.o)
__lock___malloc_recursive_mutex
                    0x1               c:/ac6/systemworkbench/plugins/fr.ac6.mcu.externaltools.arm-none.win32_1.15.0.201708311556/tools/compiler/bin/../lib/gcc/arm-none-eabi/6.3.1/../../../../arm-none-eabi/lib/thumb/v6-m\libc.a(lib_a-lock.o)
__lock___at_quick_exit_mutex
                    0x1               c:/ac6/systemworkbench/plugins/fr.ac6.mcu.externaltools.arm-none.win32_1.15.0.201708311556/tools/compiler/bin/../lib/gcc/arm-none-eabi/6.3.1/../../../../arm-none-eabi/lib/thumb/v6-m\libc.a(lib_a-lock.o)
__lock___dd_hash_mutex
                    0x1               c:/ac6/systemworkbench/plugins/fr.ac6.mcu.externaltools.arm-none.win32_1.15.0.201708311556/tools/compiler/bin/../lib/gcc/arm-none-eabi/6.3.1/../../../../arm-none-eabi/lib/thumb/v6-m\libc.a(lib_a-lock.o)
__lock___tz_mutex   0x1               c:/ac6/systemworkbench/plugins/fr.ac6.mcu.externaltools.arm-none.win32_1.15.0.201708311556/tools/compiler/bin/../lib/gcc/arm-none-eabi/6.3.1/../../../../arm-none-eabi/lib/thumb/v6-m\libc.a(lib_a-lock.o)
__lock___sfp_recursive_mutex
                    0x1               c:/ac6/systemworkbench/plugins/fr.ac6.mcu.externaltools.arm-none.win32_1.15.0.201708311556/tools/compiler/bin/../lib/gcc/arm-none-eabi/6.3.1/../../../../arm-none-eabi/lib/thumb/v6-m\libc.a(lib_a-lock.o)

Discarded input sections

 .text          0x00000000        0x0 c:/ac6/systemworkbench/plugins/fr.ac6.mcu.externaltools.arm-none.win32_1.15.0.201708311556/tools/compiler/bin/../lib/gcc/arm-none-eabi/6.3.1/thumb/v6-m/crti.o
 .data          0x00000000        0x0 c:/ac6/systemworkbench/plugins/fr.ac6.mcu.externaltools.arm-none.win32_1.15.0.201708311556/tools/compiler/bin/../lib/gcc/arm-none-eabi/6.3.1/thumb/v6-m/crti.o
 .bss           0x00000000        0x0 c:/ac6/systemworkbench/plugins/fr.ac6.mcu.externaltools.arm-none.win32_1.15.0.201708311556/tools/compiler/bin/../lib/gcc/arm-none-eabi/6.3.1/thumb/v6-m/crti.o
 .data          0x00000000        0x4 c:/ac6/systemworkbench/plugins/fr.ac6.mcu.externaltools.arm-none.win32_1.15.0.201708311556/tools/compiler/bin/../lib/gcc/arm-none-eabi/6.3.1/thumb/v6-m/crtbegin.o
 .text          0x00000000       0x78 c:/ac6/systemworkbench/plugins/fr.ac6.mcu.externaltools.arm-none.win32_1.15.0.201708311556/tools/compiler/bin/../lib/gcc/arm-none-eabi/6.3.1/../../../../arm-none-eabi/lib/thumb/v6-m/crt0.o
 .data          0x00000000        0x0 c:/ac6/systemworkbench/plugins/fr.ac6.mcu.externaltools.arm-none.win32_1.15.0.201708311556/tools/compiler/bin/../lib/gcc/arm-none-eabi/6.3.1/../../../../arm-none-eabi/lib/thumb/v6-m/crt0.o
 .bss           0x00000000        0x0 c:/ac6/systemworkbench/plugins/fr.ac6.mcu.externaltools.arm-none.win32_1.15.0.201708311556/tools/compiler/bin/../lib/gcc/arm-none-eabi/6.3.1/../../../../arm-none-eabi/lib/thumb/v6-m/crt0.o
 .ARM.extab     0x00000000        0x0 c:/ac6/systemworkbench/plugins/fr.ac6.mcu.externaltools.arm-none.win32_1.15.0.201708311556/tools/compiler/bin/../lib/gcc/arm-none-eabi/6.3.1/../../../../arm-none-eabi/lib/thumb/v6-m/crt0.o
 .ARM.exidx     0x00000000        0x8 c:/ac6/systemworkbench/plugins/fr.ac6.mcu.externaltools.arm-none.win32_1.15.0.201708311556/tools/compiler/bin/../lib/gcc/arm-none-eabi/6.3.1/../../../../arm-none-eabi/lib/thumb/v6-m/crt0.o
 .ARM.attributes
                0x00000000       0x1b c:/ac6/systemworkbench/plugins/fr.ac6.mcu.externaltools.arm-none.win32_1.15.0.201708311556/tools/compiler/bin/../lib/gcc/arm-none-eabi/6.3.1/../../../../arm-none-eabi/lib/thumb/v6-m/crt0.o
 .group         0x00000000        0x8 src/lcd.o
 .group         0x00000000        0x8 src/lcd.o
 .text          0x00000000        0x0 src/lcd.o
 .data          0x00000000        0x0 src/lcd.o
 .bss           0x00000000        0x0 src/lcd.o
 .group         0x00000000        0x8 src/main.o
 .group         0x00000000        0x8 src/main.o
 .text          0x00000000        0x0 src/main.o
 .data          0x00000000        0x0 src/main.o
 .bss           0x00000000        0x8 src/main.o
 .debug_macro   0x00000000      0x8b0 src/main.o
 .debug_macro   0x00000000       0x16 src/main.o
 .group         0x00000000        0x8 src/songs.o
 .group         0x00000000        0x8 src/songs.o
 .text          0x00000000        0x0 src/songs.o
 .bss           0x00000000        0x0 src/songs.o
 .debug_macro   0x00000000      0x8b0 src/songs.o
 .debug_macro   0x00000000       0x16 src/songs.o
 .text          0x00000000       0x14 startup/startup_stm32.o
 .data          0x00000000        0x0 startup/startup_stm32.o
 .bss           0x00000000        0x0 startup/startup_stm32.o
 .group         0x00000000        0x8 startup/sysmem.o
 .group         0x00000000        0x8 startup/sysmem.o
 .group         0x00000000        0x8 startup/sysmem.o
 .group         0x00000000        0x8 startup/sysmem.o
 .group         0x00000000        0x8 startup/sysmem.o
 .group         0x00000000        0x8 startup/sysmem.o
 .group         0x00000000        0x8 startup/sysmem.o
 .group         0x00000000        0x8 startup/sysmem.o
 .group         0x00000000        0x8 startup/sysmem.o
 .group         0x00000000        0x8 startup/sysmem.o
 .group         0x00000000        0x8 startup/sysmem.o
 .group         0x00000000        0x8 startup/sysmem.o
 .group         0x00000000        0x8 startup/sysmem.o
 .group         0x00000000        0x8 startup/sysmem.o
 .group         0x00000000        0x8 startup/sysmem.o
 .group         0x00000000        0x8 startup/sysmem.o
 .group         0x00000000        0x8 startup/sysmem.o
 .group         0x00000000        0x8 startup/sysmem.o
 .group         0x00000000        0x8 startup/sysmem.o
 .group         0x00000000        0x8 startup/sysmem.o
 .group         0x00000000        0x8 startup/sysmem.o
 .group         0x00000000        0x8 startup/sysmem.o
 .group         0x00000000        0x8 startup/sysmem.o
 .group         0x00000000        0x8 startup/sysmem.o
 .group         0x00000000        0x8 startup/sysmem.o
 .group         0x00000000        0x8 startup/sysmem.o
 .group         0x00000000        0x8 startup/sysmem.o
 .group         0x00000000        0x8 startup/sysmem.o
 .group         0x00000000        0x8 startup/sysmem.o
 .text          0x00000000        0x0 startup/sysmem.o
 .data          0x00000000        0x0 startup/sysmem.o
 .bss           0x00000000        0x4 startup/sysmem.o
 .text._sbrk    0x00000000       0x58 startup/sysmem.o
 .debug_info    0x00000000      0x933 startup/sysmem.o
 .debug_abbrev  0x00000000      0x1f1 startup/sysmem.o
 .debug_aranges
                0x00000000       0x20 startup/sysmem.o
 .debug_ranges  0x00000000       0x10 startup/sysmem.o
 .debug_macro   0x00000000      0x1a1 startup/sysmem.o
 .debug_macro   0x00000000      0x8b0 startup/sysmem.o
 .debug_macro   0x00000000       0x10 startup/sysmem.o
 .debug_macro   0x00000000       0x22 startup/sysmem.o
 .debug_macro   0x00000000       0x52 startup/sysmem.o
 .debug_macro   0x00000000       0x8d startup/sysmem.o
 .debug_macro   0x00000000       0x35 startup/sysmem.o
 .debug_macro   0x00000000       0x9c startup/sysmem.o
 .debug_macro   0x00000000      0x174 startup/sysmem.o
 .debug_macro   0x00000000       0x57 startup/sysmem.o
 .debug_macro   0x00000000       0x58 startup/sysmem.o
 .debug_macro   0x00000000       0x1f startup/sysmem.o
 .debug_macro   0x00000000       0x43 startup/sysmem.o
 .debug_macro   0x00000000       0x20 startup/sysmem.o
 .debug_macro   0x00000000      0x187 startup/sysmem.o
 .debug_macro   0x00000000      0x23b startup/sysmem.o
 .debug_macro   0x00000000       0x16 startup/sysmem.o
 .debug_macro   0x00000000       0x35 startup/sysmem.o
 .debug_macro   0x00000000      0x330 startup/sysmem.o
 .debug_macro   0x00000000       0x10 startup/sysmem.o
 .debug_macro   0x00000000       0x10 startup/sysmem.o
 .debug_macro   0x00000000       0x6a startup/sysmem.o
 .debug_macro   0x00000000       0x1c startup/sysmem.o
 .debug_macro   0x00000000       0x52 startup/sysmem.o
 .debug_macro   0x00000000       0x40 startup/sysmem.o
 .debug_macro   0x00000000       0x10 startup/sysmem.o
 .debug_macro   0x00000000       0x40 startup/sysmem.o
 .debug_macro   0x00000000       0xd7 startup/sysmem.o
 .debug_macro   0x00000000       0x16 startup/sysmem.o
 .debug_macro   0x00000000      0x18b startup/sysmem.o
 .debug_line    0x00000000      0x3db startup/sysmem.o
 .debug_str     0x00000000     0x6f32 startup/sysmem.o
 .comment       0x00000000       0x80 startup/sysmem.o
 .debug_frame   0x00000000       0x30 startup/sysmem.o
 .ARM.attributes
                0x00000000       0x31 startup/sysmem.o
 .text          0x00000000        0x0 c:/ac6/systemworkbench/plugins/fr.ac6.mcu.externaltools.arm-none.win32_1.15.0.201708311556/tools/compiler/bin/../lib/gcc/arm-none-eabi/6.3.1/../../../../arm-none-eabi/lib/thumb/v6-m\libc.a(lib_a-errno.o)
 .data          0x00000000        0x0 c:/ac6/systemworkbench/plugins/fr.ac6.mcu.externaltools.arm-none.win32_1.15.0.201708311556/tools/compiler/bin/../lib/gcc/arm-none-eabi/6.3.1/../../../../arm-none-eabi/lib/thumb/v6-m\libc.a(lib_a-errno.o)
 .bss           0x00000000        0x0 c:/ac6/systemworkbench/plugins/fr.ac6.mcu.externaltools.arm-none.win32_1.15.0.201708311556/tools/compiler/bin/../lib/gcc/arm-none-eabi/6.3.1/../../../../arm-none-eabi/lib/thumb/v6-m\libc.a(lib_a-errno.o)
 .text.__errno  0x00000000        0xc c:/ac6/systemworkbench/plugins/fr.ac6.mcu.externaltools.arm-none.win32_1.15.0.201708311556/tools/compiler/bin/../lib/gcc/arm-none-eabi/6.3.1/../../../../arm-none-eabi/lib/thumb/v6-m\libc.a(lib_a-errno.o)
 .debug_frame   0x00000000       0x20 c:/ac6/systemworkbench/plugins/fr.ac6.mcu.externaltools.arm-none.win32_1.15.0.201708311556/tools/compiler/bin/../lib/gcc/arm-none-eabi/6.3.1/../../../../arm-none-eabi/lib/thumb/v6-m\libc.a(lib_a-errno.o)
 .ARM.attributes
                0x00000000       0x2c c:/ac6/systemworkbench/plugins/fr.ac6.mcu.externaltools.arm-none.win32_1.15.0.201708311556/tools/compiler/bin/../lib/gcc/arm-none-eabi/6.3.1/../../../../arm-none-eabi/lib/thumb/v6-m\libc.a(lib_a-errno.o)
 .text          0x00000000        0x0 c:/ac6/systemworkbench/plugins/fr.ac6.mcu.externaltools.arm-none.win32_1.15.0.201708311556/tools/compiler/bin/../lib/gcc/arm-none-eabi/6.3.1/../../../../arm-none-eabi/lib/thumb/v6-m\libc.a(lib_a-exit.o)
 .data          0x00000000        0x0 c:/ac6/systemworkbench/plugins/fr.ac6.mcu.externaltools.arm-none.win32_1.15.0.201708311556/tools/compiler/bin/../lib/gcc/arm-none-eabi/6.3.1/../../../../arm-none-eabi/lib/thumb/v6-m\libc.a(lib_a-exit.o)
 .bss           0x00000000        0x0 c:/ac6/systemworkbench/plugins/fr.ac6.mcu.externaltools.arm-none.win32_1.15.0.201708311556/tools/compiler/bin/../lib/gcc/arm-none-eabi/6.3.1/../../../../arm-none-eabi/lib/thumb/v6-m\libc.a(lib_a-exit.o)
 .text.exit     0x00000000       0x20 c:/ac6/systemworkbench/plugins/fr.ac6.mcu.externaltools.arm-none.win32_1.15.0.201708311556/tools/compiler/bin/../lib/gcc/arm-none-eabi/6.3.1/../../../../arm-none-eabi/lib/thumb/v6-m\libc.a(lib_a-exit.o)
 .debug_frame   0x00000000       0x28 c:/ac6/systemworkbench/plugins/fr.ac6.mcu.externaltools.arm-none.win32_1.15.0.201708311556/tools/compiler/bin/../lib/gcc/arm-none-eabi/6.3.1/../../../../arm-none-eabi/lib/thumb/v6-m\libc.a(lib_a-exit.o)
 .ARM.attributes
                0x00000000       0x2c c:/ac6/systemworkbench/plugins/fr.ac6.mcu.externaltools.arm-none.win32_1.15.0.201708311556/tools/compiler/bin/../lib/gcc/arm-none-eabi/6.3.1/../../../../arm-none-eabi/lib/thumb/v6-m\libc.a(lib_a-exit.o)
 .text          0x00000000        0x0 c:/ac6/systemworkbench/plugins/fr.ac6.mcu.externaltools.arm-none.win32_1.15.0.201708311556/tools/compiler/bin/../lib/gcc/arm-none-eabi/6.3.1/../../../../arm-none-eabi/lib/thumb/v6-m\libc.a(lib_a-impure.o)
 .data          0x00000000        0x0 c:/ac6/systemworkbench/plugins/fr.ac6.mcu.externaltools.arm-none.win32_1.15.0.201708311556/tools/compiler/bin/../lib/gcc/arm-none-eabi/6.3.1/../../../../arm-none-eabi/lib/thumb/v6-m\libc.a(lib_a-impure.o)
 .bss           0x00000000        0x0 c:/ac6/systemworkbench/plugins/fr.ac6.mcu.externaltools.arm-none.win32_1.15.0.201708311556/tools/compiler/bin/../lib/gcc/arm-none-eabi/6.3.1/../../../../arm-none-eabi/lib/thumb/v6-m\libc.a(lib_a-impure.o)
 .data._impure_ptr
                0x00000000        0x4 c:/ac6/systemworkbench/plugins/fr.ac6.mcu.externaltools.arm-none.win32_1.15.0.201708311556/tools/compiler/bin/../lib/gcc/arm-none-eabi/6.3.1/../../../../arm-none-eabi/lib/thumb/v6-m\libc.a(lib_a-impure.o)
 .text          0x00000000        0x0 c:/ac6/systemworkbench/plugins/fr.ac6.mcu.externaltools.arm-none.win32_1.15.0.201708311556/tools/compiler/bin/../lib/gcc/arm-none-eabi/6.3.1/../../../../arm-none-eabi/lib/thumb/v6-m\libc.a(lib_a-init.o)
 .data          0x00000000        0x0 c:/ac6/systemworkbench/plugins/fr.ac6.mcu.externaltools.arm-none.win32_1.15.0.201708311556/tools/compiler/bin/../lib/gcc/arm-none-eabi/6.3.1/../../../../arm-none-eabi/lib/thumb/v6-m\libc.a(lib_a-init.o)
 .bss           0x00000000        0x0 c:/ac6/systemworkbench/plugins/fr.ac6.mcu.externaltools.arm-none.win32_1.15.0.201708311556/tools/compiler/bin/../lib/gcc/arm-none-eabi/6.3.1/../../../../arm-none-eabi/lib/thumb/v6-m\libc.a(lib_a-init.o)
 .text          0x00000000        0x0 c:/ac6/systemworkbench/plugins/fr.ac6.mcu.externaltools.arm-none.win32_1.15.0.201708311556/tools/compiler/bin/../lib/gcc/arm-none-eabi/6.3.1/../../../../arm-none-eabi/lib/thumb/v6-m\libc.a(lib_a-memset.o)
 .data          0x00000000        0x0 c:/ac6/systemworkbench/plugins/fr.ac6.mcu.externaltools.arm-none.win32_1.15.0.201708311556/tools/compiler/bin/../lib/gcc/arm-none-eabi/6.3.1/../../../../arm-none-eabi/lib/thumb/v6-m\libc.a(lib_a-memset.o)
 .bss           0x00000000        0x0 c:/ac6/systemworkbench/plugins/fr.ac6.mcu.externaltools.arm-none.win32_1.15.0.201708311556/tools/compiler/bin/../lib/gcc/arm-none-eabi/6.3.1/../../../../arm-none-eabi/lib/thumb/v6-m\libc.a(lib_a-memset.o)
 .text.memset   0x00000000       0x94 c:/ac6/systemworkbench/plugins/fr.ac6.mcu.externaltools.arm-none.win32_1.15.0.201708311556/tools/compiler/bin/../lib/gcc/arm-none-eabi/6.3.1/../../../../arm-none-eabi/lib/thumb/v6-m\libc.a(lib_a-memset.o)
 .debug_frame   0x00000000       0x30 c:/ac6/systemworkbench/plugins/fr.ac6.mcu.externaltools.arm-none.win32_1.15.0.201708311556/tools/compiler/bin/../lib/gcc/arm-none-eabi/6.3.1/../../../../arm-none-eabi/lib/thumb/v6-m\libc.a(lib_a-memset.o)
 .ARM.attributes
                0x00000000       0x2c c:/ac6/systemworkbench/plugins/fr.ac6.mcu.externaltools.arm-none.win32_1.15.0.201708311556/tools/compiler/bin/../lib/gcc/arm-none-eabi/6.3.1/../../../../arm-none-eabi/lib/thumb/v6-m\libc.a(lib_a-memset.o)
 .text          0x00000000        0x0 c:/ac6/systemworkbench/plugins/fr.ac6.mcu.externaltools.arm-none.win32_1.15.0.201708311556/tools/compiler/bin/../lib/gcc/arm-none-eabi/6.3.1/../../../../arm-none-eabi/lib/thumb/v6-m\libc.a(lib_a-__call_atexit.o)
 .data          0x00000000        0x0 c:/ac6/systemworkbench/plugins/fr.ac6.mcu.externaltools.arm-none.win32_1.15.0.201708311556/tools/compiler/bin/../lib/gcc/arm-none-eabi/6.3.1/../../../../arm-none-eabi/lib/thumb/v6-m\libc.a(lib_a-__call_atexit.o)
 .bss           0x00000000        0x0 c:/ac6/systemworkbench/plugins/fr.ac6.mcu.externaltools.arm-none.win32_1.15.0.201708311556/tools/compiler/bin/../lib/gcc/arm-none-eabi/6.3.1/../../../../arm-none-eabi/lib/thumb/v6-m\libc.a(lib_a-__call_atexit.o)
 .text.__call_exitprocs
                0x00000000      0x110 c:/ac6/systemworkbench/plugins/fr.ac6.mcu.externaltools.arm-none.win32_1.15.0.201708311556/tools/compiler/bin/../lib/gcc/arm-none-eabi/6.3.1/../../../../arm-none-eabi/lib/thumb/v6-m\libc.a(lib_a-__call_atexit.o)
 .text          0x00000000        0x0 c:/ac6/systemworkbench/plugins/fr.ac6.mcu.externaltools.arm-none.win32_1.15.0.201708311556/tools/compiler/bin/../lib/gcc/arm-none-eabi/6.3.1/../../../../arm-none-eabi/lib/thumb/v6-m\libc.a(lib_a-atexit.o)
 .data          0x00000000        0x0 c:/ac6/systemworkbench/plugins/fr.ac6.mcu.externaltools.arm-none.win32_1.15.0.201708311556/tools/compiler/bin/../lib/gcc/arm-none-eabi/6.3.1/../../../../arm-none-eabi/lib/thumb/v6-m\libc.a(lib_a-atexit.o)
 .bss           0x00000000        0x0 c:/ac6/systemworkbench/plugins/fr.ac6.mcu.externaltools.arm-none.win32_1.15.0.201708311556/tools/compiler/bin/../lib/gcc/arm-none-eabi/6.3.1/../../../../arm-none-eabi/lib/thumb/v6-m\libc.a(lib_a-atexit.o)
 .text          0x00000000        0x0 c:/ac6/systemworkbench/plugins/fr.ac6.mcu.externaltools.arm-none.win32_1.15.0.201708311556/tools/compiler/bin/../lib/gcc/arm-none-eabi/6.3.1/../../../../arm-none-eabi/lib/thumb/v6-m\libc.a(lib_a-fini.o)
 .data          0x00000000        0x0 c:/ac6/systemworkbench/plugins/fr.ac6.mcu.externaltools.arm-none.win32_1.15.0.201708311556/tools/compiler/bin/../lib/gcc/arm-none-eabi/6.3.1/../../../../arm-none-eabi/lib/thumb/v6-m\libc.a(lib_a-fini.o)
 .bss           0x00000000        0x0 c:/ac6/systemworkbench/plugins/fr.ac6.mcu.externaltools.arm-none.win32_1.15.0.201708311556/tools/compiler/bin/../lib/gcc/arm-none-eabi/6.3.1/../../../../arm-none-eabi/lib/thumb/v6-m\libc.a(lib_a-fini.o)
 .text          0x00000000        0x0 c:/ac6/systemworkbench/plugins/fr.ac6.mcu.externaltools.arm-none.win32_1.15.0.201708311556/tools/compiler/bin/../lib/gcc/arm-none-eabi/6.3.1/../../../../arm-none-eabi/lib/thumb/v6-m\libc.a(lib_a-lock.o)
 .data          0x00000000        0x0 c:/ac6/systemworkbench/plugins/fr.ac6.mcu.externaltools.arm-none.win32_1.15.0.201708311556/tools/compiler/bin/../lib/gcc/arm-none-eabi/6.3.1/../../../../arm-none-eabi/lib/thumb/v6-m\libc.a(lib_a-lock.o)
 .bss           0x00000000        0x0 c:/ac6/systemworkbench/plugins/fr.ac6.mcu.externaltools.arm-none.win32_1.15.0.201708311556/tools/compiler/bin/../lib/gcc/arm-none-eabi/6.3.1/../../../../arm-none-eabi/lib/thumb/v6-m\libc.a(lib_a-lock.o)
 .text.__retarget_lock_init
                0x00000000        0x4 c:/ac6/systemworkbench/plugins/fr.ac6.mcu.externaltools.arm-none.win32_1.15.0.201708311556/tools/compiler/bin/../lib/gcc/arm-none-eabi/6.3.1/../../../../arm-none-eabi/lib/thumb/v6-m\libc.a(lib_a-lock.o)
 .text.__retarget_lock_init_recursive
                0x00000000        0x4 c:/ac6/systemworkbench/plugins/fr.ac6.mcu.externaltools.arm-none.win32_1.15.0.201708311556/tools/compiler/bin/../lib/gcc/arm-none-eabi/6.3.1/../../../../arm-none-eabi/lib/thumb/v6-m\libc.a(lib_a-lock.o)
 .text.__retarget_lock_close
                0x00000000        0x4 c:/ac6/systemworkbench/plugins/fr.ac6.mcu.externaltools.arm-none.win32_1.15.0.201708311556/tools/compiler/bin/../lib/gcc/arm-none-eabi/6.3.1/../../../../arm-none-eabi/lib/thumb/v6-m\libc.a(lib_a-lock.o)
 .text.__retarget_lock_close_recursive
                0x00000000        0x4 c:/ac6/systemworkbench/plugins/fr.ac6.mcu.externaltools.arm-none.win32_1.15.0.201708311556/tools/compiler/bin/../lib/gcc/arm-none-eabi/6.3.1/../../../../arm-none-eabi/lib/thumb/v6-m\libc.a(lib_a-lock.o)
 .text.__retarget_lock_acquire
                0x00000000        0x4 c:/ac6/systemworkbench/plugins/fr.ac6.mcu.externaltools.arm-none.win32_1.15.0.201708311556/tools/compiler/bin/../lib/gcc/arm-none-eabi/6.3.1/../../../../arm-none-eabi/lib/thumb/v6-m\libc.a(lib_a-lock.o)
 .text.__retarget_lock_try_acquire
                0x00000000        0x4 c:/ac6/systemworkbench/plugins/fr.ac6.mcu.externaltools.arm-none.win32_1.15.0.201708311556/tools/compiler/bin/../lib/gcc/arm-none-eabi/6.3.1/../../../../arm-none-eabi/lib/thumb/v6-m\libc.a(lib_a-lock.o)
 .text.__retarget_lock_try_acquire_recursive
                0x00000000        0x4 c:/ac6/systemworkbench/plugins/fr.ac6.mcu.externaltools.arm-none.win32_1.15.0.201708311556/tools/compiler/bin/../lib/gcc/arm-none-eabi/6.3.1/../../../../arm-none-eabi/lib/thumb/v6-m\libc.a(lib_a-lock.o)
 .text.__retarget_lock_release
                0x00000000        0x4 c:/ac6/systemworkbench/plugins/fr.ac6.mcu.externaltools.arm-none.win32_1.15.0.201708311556/tools/compiler/bin/../lib/gcc/arm-none-eabi/6.3.1/../../../../arm-none-eabi/lib/thumb/v6-m\libc.a(lib_a-lock.o)
 .text          0x00000000        0x0 c:/ac6/systemworkbench/plugins/fr.ac6.mcu.externaltools.arm-none.win32_1.15.0.201708311556/tools/compiler/bin/../lib/gcc/arm-none-eabi/6.3.1/../../../../arm-none-eabi/lib/thumb/v6-m\libc.a(lib_a-__atexit.o)
 .data          0x00000000        0x0 c:/ac6/systemworkbench/plugins/fr.ac6.mcu.externaltools.arm-none.win32_1.15.0.201708311556/tools/compiler/bin/../lib/gcc/arm-none-eabi/6.3.1/../../../../arm-none-eabi/lib/thumb/v6-m\libc.a(lib_a-__atexit.o)
 .bss           0x00000000        0x0 c:/ac6/systemworkbench/plugins/fr.ac6.mcu.externaltools.arm-none.win32_1.15.0.201708311556/tools/compiler/bin/../lib/gcc/arm-none-eabi/6.3.1/../../../../arm-none-eabi/lib/thumb/v6-m\libc.a(lib_a-__atexit.o)
 .text          0x00000000        0x0 c:/ac6/systemworkbench/plugins/fr.ac6.mcu.externaltools.arm-none.win32_1.15.0.201708311556/tools/compiler/bin/../lib/gcc/arm-none-eabi/6.3.1/thumb/v6-m/crtend.o
 .data          0x00000000        0x0 c:/ac6/systemworkbench/plugins/fr.ac6.mcu.externaltools.arm-none.win32_1.15.0.201708311556/tools/compiler/bin/../lib/gcc/arm-none-eabi/6.3.1/thumb/v6-m/crtend.o
 .bss           0x00000000        0x0 c:/ac6/systemworkbench/plugins/fr.ac6.mcu.externaltools.arm-none.win32_1.15.0.201708311556/tools/compiler/bin/../lib/gcc/arm-none-eabi/6.3.1/thumb/v6-m/crtend.o
 .eh_frame      0x00000000        0x4 c:/ac6/systemworkbench/plugins/fr.ac6.mcu.externaltools.arm-none.win32_1.15.0.201708311556/tools/compiler/bin/../lib/gcc/arm-none-eabi/6.3.1/thumb/v6-m/crtend.o
 .jcr           0x00000000        0x4 c:/ac6/systemworkbench/plugins/fr.ac6.mcu.externaltools.arm-none.win32_1.15.0.201708311556/tools/compiler/bin/../lib/gcc/arm-none-eabi/6.3.1/thumb/v6-m/crtend.o
 .ARM.attributes
                0x00000000       0x2c c:/ac6/systemworkbench/plugins/fr.ac6.mcu.externaltools.arm-none.win32_1.15.0.201708311556/tools/compiler/bin/../lib/gcc/arm-none-eabi/6.3.1/thumb/v6-m/crtend.o
 .text          0x00000000        0x0 c:/ac6/systemworkbench/plugins/fr.ac6.mcu.externaltools.arm-none.win32_1.15.0.201708311556/tools/compiler/bin/../lib/gcc/arm-none-eabi/6.3.1/thumb/v6-m/crtn.o
 .data          0x00000000        0x0 c:/ac6/systemworkbench/plugins/fr.ac6.mcu.externaltools.arm-none.win32_1.15.0.201708311556/tools/compiler/bin/../lib/gcc/arm-none-eabi/6.3.1/thumb/v6-m/crtn.o
 .bss           0x00000000        0x0 c:/ac6/systemworkbench/plugins/fr.ac6.mcu.externaltools.arm-none.win32_1.15.0.201708311556/tools/compiler/bin/../lib/gcc/arm-none-eabi/6.3.1/thumb/v6-m/crtn.o

Memory Configuration

Name             Origin             Length             Attributes
RAM              0x20000000         0x00002000         xrw
ROM              0x08000000         0x00010000         xr
*default*        0x00000000         0xffffffff

Linker script and memory map

LOAD c:/ac6/systemworkbench/plugins/fr.ac6.mcu.externaltools.arm-none.win32_1.15.0.201708311556/tools/compiler/bin/../lib/gcc/arm-none-eabi/6.3.1/thumb/v6-m/crti.o
LOAD c:/ac6/systemworkbench/plugins/fr.ac6.mcu.externaltools.arm-none.win32_1.15.0.201708311556/tools/compiler/bin/../lib/gcc/arm-none-eabi/6.3.1/thumb/v6-m/crtbegin.o
LOAD c:/ac6/systemworkbench/plugins/fr.ac6.mcu.externaltools.arm-none.win32_1.15.0.201708311556/tools/compiler/bin/../lib/gcc/arm-none-eabi/6.3.1/../../../../arm-none-eabi/lib/thumb/v6-m/crt0.o
LOAD src/lcd.o
LOAD src/main.o
LOAD src/songs.o
LOAD startup/startup_stm32.o
LOAD startup/sysmem.o
LOAD c:/ac6/systemworkbench/plugins/fr.ac6.mcu.externaltools.arm-none.win32_1.15.0.201708311556/tools/compiler/bin/../lib/gcc/arm-none-eabi/6.3.1/../../../../arm-none-eabi/lib/thumb/v6-m\libm.a
START GROUP
LOAD c:/ac6/systemworkbench/plugins/fr.ac6.mcu.externaltools.arm-none.win32_1.15.0.201708311556/tools/compiler/bin/../lib/gcc/arm-none-eabi/6.3.1/thumb/v6-m\libgcc.a
LOAD c:/ac6/systemworkbench/plugins/fr.ac6.mcu.externaltools.arm-none.win32_1.15.0.201708311556/tools/compiler/bin/../lib/gcc/arm-none-eabi/6.3.1/../../../../arm-none-eabi/lib/thumb/v6-m\libc.a
END GROUP
LOAD c:/ac6/systemworkbench/plugins/fr.ac6.mcu.externaltools.arm-none.win32_1.15.0.201708311556/tools/compiler/bin/../lib/gcc/arm-none-eabi/6.3.1/thumb/v6-m/crtend.o
LOAD c:/ac6/systemworkbench/plugins/fr.ac6.mcu.externaltools.arm-none.win32_1.15.0.201708311556/tools/compiler/bin/../lib/gcc/arm-none-eabi/6.3.1/thumb/v6-m/crtn.o
                0x20002000                _estack = 0x20002000
                0x00000000                _Min_Heap_Size = 0x0
                0x00000400                _Min_Stack_Size = 0x400

.isr_vector     0x08000000      0x188
                0x08000000                . = ALIGN (0x4)
 *(.isr_vector)
 .isr_vector    0x08000000      0x188 startup/startup_stm32.o
                0x08000000                g_pfnVectors
                0x08000188                . = ALIGN (0x4)

.text           0x08000188      0x2b4
                0x08000188                . = ALIGN (0x4)
 *(.text)
 .text          0x08000188       0x60 c:/ac6/systemworkbench/plugins/fr.ac6.mcu.externaltools.arm-none.win32_1.15.0.201708311556/tools/compiler/bin/../lib/gcc/arm-none-eabi/6.3.1/thumb/v6-m/crtbegin.o
 *(.text*)
 .text.lcd_update
                0x080001e8       0x24 src/lcd.o
                0x080001e8                lcd_update
 .text.main     0x0800020c       0x2a src/main.o
                0x0800020c                main
 *fill*         0x08000236        0x2 
 .text.Reset_Handler
                0x08000238       0x48 startup/startup_stm32.o
                0x08000238                Reset_Handler
 .text.Default_Handler
                0x08000280        0x2 startup/startup_stm32.o
                0x08000280                DebugMon_Handler
                0x08000280                HardFault_Handler
                0x08000280                SysTick_Handler
                0x08000280                PendSV_Handler
                0x08000280                NMI_Handler
                0x08000280                UsageFault_Handler
                0x08000280                Default_Handler
                0x08000280                MemManage_Handler
                0x08000280                SVC_Handler
                0x08000280                BusFault_Handler
 *fill*         0x08000282        0x2 
 .text.__libc_init_array
                0x08000284       0x48 c:/ac6/systemworkbench/plugins/fr.ac6.mcu.externaltools.arm-none.win32_1.15.0.201708311556/tools/compiler/bin/../lib/gcc/arm-none-eabi/6.3.1/../../../../arm-none-eabi/lib/thumb/v6-m\libc.a(lib_a-init.o)
                0x08000284                __libc_init_array
 .text.startup.register_fini
                0x080002cc       0x18 c:/ac6/systemworkbench/plugins/fr.ac6.mcu.externaltools.arm-none.win32_1.15.0.201708311556/tools/compiler/bin/../lib/gcc/arm-none-eabi/6.3.1/../../../../arm-none-eabi/lib/thumb/v6-m\libc.a(lib_a-__call_atexit.o)
 .text.atexit   0x080002e4       0x10 c:/ac6/systemworkbench/plugins/fr.ac6.mcu.externaltools.arm-none.win32_1.15.0.201708311556/tools/compiler/bin/../lib/gcc/arm-none-eabi/6.3.1/../../../../arm-none-eabi/lib/thumb/v6-m\libc.a(lib_a-atexit.o)
                0x080002e4                atexit
 .text.__libc_fini_array
                0x080002f4       0x34 c:/ac6/systemworkbench/plugins/fr.ac6.mcu.externaltools.arm-none.win32_1.15.0.201708311556/tools/compiler/bin/../lib/gcc/arm-none-eabi/6.3.1/../../../../arm-none-eabi/lib/thumb/v6-m\libc.a(lib_a-fini.o)
                0x080002f4                __libc_fini_array
 .text.__retarget_lock_acquire_recursive
                0x08000328        0x4 c:/ac6/systemworkbench/plugins/fr.ac6.mcu.externaltools.arm-none.win32_1.15.0.201708311556/tools/compiler/bin/../lib/gcc/arm-none-eabi/6.3.1/../../../../arm-none-eabi/lib/thumb/v6-m\libc.a(lib_a-lock.o)
                0x08000328                __retarget_lock_acquire_recursive
 .text.__retarget_lock_release_recursive
                0x0800032c        0x4 c:/ac6/systemworkbench/plugins/fr.ac6.mcu.externaltools.arm-none.win32_1.15.0.201708311556/tools/compiler/bin/../lib/gcc/arm-none-eabi/6.3.1/../../../../arm-none-eabi/lib/thumb/v6-m\libc.a(lib_a-lock.o)
                0x0800032c                __retarget_lock_release_recursive
 .text.__register_exitproc
                0x08000330       0xf4 c:/ac6/systemworkbench/plugins/fr.ac6.mcu.externaltools.arm-none.win32_1.15.0.201708311556/tools/compiler/bin/../lib/gcc/arm-none-eabi/6.3.1/../../../../arm-none-eabi/lib/thumb/v6-m\libc.a(lib_a-__atexit.o)
                0x08000330                __register_exitproc
 *(.glue_7)
 .glue_7        0x08000424        0x0 linker stubs
 *(.glue_7t)
 .glue_7t       0x08000424        0x0 linker stubs
 *(.eh_frame)
 .eh_frame      0x08000424        0x0 c:/ac6/systemworkbench/plugins/fr.ac6.mcu.externaltools.arm-none.win32_1.15.0.201708311556/tools/compiler/bin/../lib/gcc/arm-none-eabi/6.3.1/thumb/v6-m/crtbegin.o
 *(.init)
 .init          0x08000424        0x4 c:/ac6/systemworkbench/plugins/fr.ac6.mcu.externaltools.arm-none.win32_1.15.0.201708311556/tools/compiler/bin/../lib/gcc/arm-none-eabi/6.3.1/thumb/v6-m/crti.o
                0x08000424                _init
 .init          0x08000428        0x8 c:/ac6/systemworkbench/plugins/fr.ac6.mcu.externaltools.arm-none.win32_1.15.0.201708311556/tools/compiler/bin/../lib/gcc/arm-none-eabi/6.3.1/thumb/v6-m/crtn.o
 *(.fini)
 .fini          0x08000430        0x4 c:/ac6/systemworkbench/plugins/fr.ac6.mcu.externaltools.arm-none.win32_1.15.0.201708311556/tools/compiler/bin/../lib/gcc/arm-none-eabi/6.3.1/thumb/v6-m/crti.o
                0x08000430                _fini
 .fini          0x08000434        0x8 c:/ac6/systemworkbench/plugins/fr.ac6.mcu.externaltools.arm-none.win32_1.15.0.201708311556/tools/compiler/bin/../lib/gcc/arm-none-eabi/6.3.1/thumb/v6-m/crtn.o
                0x0800043c                . = ALIGN (0x4)
                0x0800043c                _etext = .

.vfp11_veneer   0x0800043c        0x0
 .vfp11_veneer  0x0800043c        0x0 linker stubs

.v4_bx          0x0800043c        0x0
 .v4_bx         0x0800043c        0x0 linker stubs

.iplt           0x0800043c        0x0
 .iplt          0x0800043c        0x0 c:/ac6/systemworkbench/plugins/fr.ac6.mcu.externaltools.arm-none.win32_1.15.0.201708311556/tools/compiler/bin/../lib/gcc/arm-none-eabi/6.3.1/thumb/v6-m/crtbegin.o

.rodata         0x0800043c        0x4
                0x0800043c                . = ALIGN (0x4)
 *(.rodata)
 *(.rodata*)
 .rodata._global_impure_ptr
                0x0800043c        0x4 c:/ac6/systemworkbench/plugins/fr.ac6.mcu.externaltools.arm-none.win32_1.15.0.201708311556/tools/compiler/bin/../lib/gcc/arm-none-eabi/6.3.1/../../../../arm-none-eabi/lib/thumb/v6-m\libc.a(lib_a-impure.o)
                0x0800043c                _global_impure_ptr
                0x08000440                . = ALIGN (0x4)

.rel.dyn        0x08000440        0x0
 .rel.iplt      0x08000440        0x0 c:/ac6/systemworkbench/plugins/fr.ac6.mcu.externaltools.arm-none.win32_1.15.0.201708311556/tools/compiler/bin/../lib/gcc/arm-none-eabi/6.3.1/thumb/v6-m/crtbegin.o

.ARM.extab      0x08000440        0x0
                0x08000440                . = ALIGN (0x4)
 *(.ARM.extab* .gnu.linkonce.armextab.*)
                0x08000440                . = ALIGN (0x4)

.ARM            0x08000440        0x0
                0x08000440                . = ALIGN (0x4)
                0x08000440                __exidx_start = .
 *(.ARM.exidx*)
                0x08000440                __exidx_end = .
                0x08000440                . = ALIGN (0x4)

.preinit_array  0x08000440        0x0
                0x08000440                . = ALIGN (0x4)
                0x08000440                PROVIDE (__preinit_array_start, .)
 *(.preinit_array*)
                0x08000440                PROVIDE (__preinit_array_end, .)
                0x08000440                . = ALIGN (0x4)

.init_array     0x08000440        0x8
                0x08000440                . = ALIGN (0x4)
                0x08000440                PROVIDE (__init_array_start, .)
 *(SORT(.init_array.*))
 .init_array.00000
                0x08000440        0x4 c:/ac6/systemworkbench/plugins/fr.ac6.mcu.externaltools.arm-none.win32_1.15.0.201708311556/tools/compiler/bin/../lib/gcc/arm-none-eabi/6.3.1/../../../../arm-none-eabi/lib/thumb/v6-m\libc.a(lib_a-__call_atexit.o)
 *(.init_array*)
 .init_array    0x08000444        0x4 c:/ac6/systemworkbench/plugins/fr.ac6.mcu.externaltools.arm-none.win32_1.15.0.201708311556/tools/compiler/bin/../lib/gcc/arm-none-eabi/6.3.1/thumb/v6-m/crtbegin.o
                0x08000448                PROVIDE (__init_array_end, .)
                0x08000448                . = ALIGN (0x4)

.fini_array     0x08000448        0x4
                0x08000448                . = ALIGN (0x4)
                0x08000448                PROVIDE (__fini_array_start, .)
 *(SORT(.fini_array.*))
 *(.fini_array*)
 .fini_array    0x08000448        0x4 c:/ac6/systemworkbench/plugins/fr.ac6.mcu.externaltools.arm-none.win32_1.15.0.201708311556/tools/compiler/bin/../lib/gcc/arm-none-eabi/6.3.1/thumb/v6-m/crtbegin.o
                0x0800044c                PROVIDE (__fini_array_end, .)
                0x0800044c                . = ALIGN (0x4)
                0x0800044c                _sidata = LOADADDR (.data)

.data           0x20000000      0x4f4 load address 0x0800044c
                0x20000000                . = ALIGN (0x4)
                0x20000000                _sdata = .
 *(.data)
 .data          0x20000000       0xc8 src/songs.o
                0x20000000                song1
                0x20000064                song2
 *(.data*)
 .data.impure_data
                0x200000c8      0x428 c:/ac6/systemworkbench/plugins/fr.ac6.mcu.externaltools.arm-none.win32_1.15.0.201708311556/tools/compiler/bin/../lib/gcc/arm-none-eabi/6.3.1/../../../../arm-none-eabi/lib/thumb/v6-m\libc.a(lib_a-impure.o)
 .data.__atexit_recursive_mutex
                0x200004f0        0x4 c:/ac6/systemworkbench/plugins/fr.ac6.mcu.externaltools.arm-none.win32_1.15.0.201708311556/tools/compiler/bin/../lib/gcc/arm-none-eabi/6.3.1/../../../../arm-none-eabi/lib/thumb/v6-m\libc.a(lib_a-__call_atexit.o)
                0x200004f0                __atexit_recursive_mutex
                0x200004f4                . = ALIGN (0x4)
                0x200004f4                _edata = .

.jcr            0x200004f4        0x0 load address 0x08000940
 .jcr           0x200004f4        0x0 c:/ac6/systemworkbench/plugins/fr.ac6.mcu.externaltools.arm-none.win32_1.15.0.201708311556/tools/compiler/bin/../lib/gcc/arm-none-eabi/6.3.1/thumb/v6-m/crtbegin.o

.igot.plt       0x200004f4        0x0 load address 0x08000940
 .igot.plt      0x200004f4        0x0 c:/ac6/systemworkbench/plugins/fr.ac6.mcu.externaltools.arm-none.win32_1.15.0.201708311556/tools/compiler/bin/../lib/gcc/arm-none-eabi/6.3.1/thumb/v6-m/crtbegin.o
                0x200004f4                . = ALIGN (0x4)

.bss            0x200004f4       0x40 load address 0x08000940
                0x200004f4                _sbss = .
                0x200004f4                __bss_start__ = _sbss
 *(.bss)
 .bss           0x200004f4       0x1c c:/ac6/systemworkbench/plugins/fr.ac6.mcu.externaltools.arm-none.win32_1.15.0.201708311556/tools/compiler/bin/../lib/gcc/arm-none-eabi/6.3.1/thumb/v6-m/crtbegin.o
 *(.bss*)
 *(COMMON)
 COMMON         0x20000510       0x21 c:/ac6/systemworkbench/plugins/fr.ac6.mcu.externaltools.arm-none.win32_1.15.0.201708311556/tools/compiler/bin/../lib/gcc/arm-none-eabi/6.3.1/../../../../arm-none-eabi/lib/thumb/v6-m\libc.a(lib_a-lock.o)
                0x20000510                __lock___atexit_recursive_mutex
                0x20000514                __lock___arc4random_mutex
                0x20000518                __lock___env_recursive_mutex
                0x2000051c                __lock___sinit_recursive_mutex
                0x20000520                __lock___malloc_recursive_mutex
                0x20000524                __lock___at_quick_exit_mutex
                0x20000528                __lock___dd_hash_mutex
                0x2000052c                __lock___tz_mutex
                0x20000530                __lock___sfp_recursive_mutex
                0x20000534                . = ALIGN (0x4)
 *fill*         0x20000531        0x3 
                0x20000534                _ebss = .
                0x20000534                __bss_end__ = _ebss

._user_heap_stack
                0x20000534      0x404 load address 0x08000940
                0x20000538                . = ALIGN (0x8)
 *fill*         0x20000534        0x4 
                0x20000538                PROVIDE (end, .)
                [!provide]                PROVIDE (_end, .)
                0x20000538                . = (. + _Min_Heap_Size)
                0x20000938                . = (. + _Min_Stack_Size)
 *fill*         0x20000538      0x400 
                0x20000938                . = ALIGN (0x8)

/DISCARD/
 libc.a(*)
 libm.a(*)
 libgcc.a(*)

.ARM.attributes
                0x00000000       0x28
 *(.ARM.attributes)
 .ARM.attributes
                0x00000000       0x1e c:/ac6/systemworkbench/plugins/fr.ac6.mcu.externaltools.arm-none.win32_1.15.0.201708311556/tools/compiler/bin/../lib/gcc/arm-none-eabi/6.3.1/thumb/v6-m/crti.o
 .ARM.attributes
                0x0000001e       0x2c c:/ac6/systemworkbench/plugins/fr.ac6.mcu.externaltools.arm-none.win32_1.15.0.201708311556/tools/compiler/bin/../lib/gcc/arm-none-eabi/6.3.1/thumb/v6-m/crtbegin.o
 .ARM.attributes
                0x0000004a       0x31 src/lcd.o
 .ARM.attributes
                0x0000007b       0x31 src/main.o
 .ARM.attributes
                0x000000ac       0x31 src/songs.o
 .ARM.attributes
                0x000000dd       0x21 startup/startup_stm32.o
 .ARM.attributes
                0x000000fe       0x2c c:/ac6/systemworkbench/plugins/fr.ac6.mcu.externaltools.arm-none.win32_1.15.0.201708311556/tools/compiler/bin/../lib/gcc/arm-none-eabi/6.3.1/../../../../arm-none-eabi/lib/thumb/v6-m\libc.a(lib_a-impure.o)
 .ARM.attributes
                0x0000012a       0x2c c:/ac6/systemworkbench/plugins/fr.ac6.mcu.externaltools.arm-none.win32_1.15.0.201708311556/tools/compiler/bin/../lib/gcc/arm-none-eabi/6.3.1/../../../../arm-none-eabi/lib/thumb/v6-m\libc.a(lib_a-init.o)
 .ARM.attributes
                0x00000156       0x2c c:/ac6/systemworkbench/plugins/fr.ac6.mcu.externaltools.arm-none.win32_1.15.0.201708311556/tools/compiler/bin/../lib/gcc/arm-none-eabi/6.3.1/../../../../arm-none-eabi/lib/thumb/v6-m\libc.a(lib_a-__call_atexit.o)
 .ARM.attributes
                0x00000182       0x2c c:/ac6/systemworkbench/plugins/fr.ac6.mcu.externaltools.arm-none.win32_1.15.0.201708311556/tools/compiler/bin/../lib/gcc/arm-none-eabi/6.3.1/../../../../arm-none-eabi/lib/thumb/v6-m\libc.a(lib_a-atexit.o)
 .ARM.attributes
                0x000001ae       0x2c c:/ac6/systemworkbench/plugins/fr.ac6.mcu.externaltools.arm-none.win32_1.15.0.201708311556/tools/compiler/bin/../lib/gcc/arm-none-eabi/6.3.1/../../../../arm-none-eabi/lib/thumb/v6-m\libc.a(lib_a-fini.o)
 .ARM.attributes
                0x000001da       0x2c c:/ac6/systemworkbench/plugins/fr.ac6.mcu.externaltools.arm-none.win32_1.15.0.201708311556/tools/compiler/bin/../lib/gcc/arm-none-eabi/6.3.1/../../../../arm-none-eabi/lib/thumb/v6-m\libc.a(lib_a-lock.o)
 .ARM.attributes
                0x00000206       0x2c c:/ac6/systemworkbench/plugins/fr.ac6.mcu.externaltools.arm-none.win32_1.15.0.201708311556/tools/compiler/bin/../lib/gcc/arm-none-eabi/6.3.1/../../../../arm-none-eabi/lib/thumb/v6-m\libc.a(lib_a-__atexit.o)
 .ARM.attributes
                0x00000232       0x1e c:/ac6/systemworkbench/plugins/fr.ac6.mcu.externaltools.arm-none.win32_1.15.0.201708311556/tools/compiler/bin/../lib/gcc/arm-none-eabi/6.3.1/thumb/v6-m/crtn.o
OUTPUT(guitarhero.elf elf32-littlearm)

.debug_info     0x00000000      0x264
 .debug_info    0x00000000       0xa9 src/lcd.o
 .debug_info    0x000000a9       0xc1 src/main.o
 .debug_info    0x0000016a       0x8d src/songs.o
 .debug_info    0x000001f7       0x6d startup/startup_stm32.o

.debug_abbrev   0x00000000      0x17e
 .debug_abbrev  0x00000000       0x86 src/lcd.o
 .debug_abbrev  0x00000086       0x8d src/main.o
 .debug_abbrev  0x00000113       0x59 src/songs.o
 .debug_abbrev  0x0000016c       0x12 startup/startup_stm32.o

.debug_aranges  0x00000000       0x80
 .debug_aranges
                0x00000000       0x20 src/lcd.o
 .debug_aranges
                0x00000020       0x20 src/main.o
 .debug_aranges
                0x00000040       0x18 src/songs.o
 .debug_aranges
                0x00000058       0x28 startup/startup_stm32.o

.debug_ranges   0x00000000       0x40
 .debug_ranges  0x00000000       0x10 src/lcd.o
 .debug_ranges  0x00000010       0x10 src/main.o
 .debug_ranges  0x00000020       0x20 startup/startup_stm32.o

.debug_macro    0x00000000      0x928
 .debug_macro   0x00000000       0x24 src/lcd.o
 .debug_macro   0x00000024      0x8b0 src/lcd.o
 .debug_macro   0x000008d4       0x16 src/lcd.o
 .debug_macro   0x000008ea       0x24 src/main.o
 .debug_macro   0x0000090e       0x1a src/songs.o

.debug_line     0x00000000      0x16e
 .debug_line    0x00000000       0x55 src/lcd.o
 .debug_line    0x00000055       0x64 src/main.o
 .debug_line    0x000000b9       0x3c src/songs.o
 .debug_line    0x000000f5       0x79 startup/startup_stm32.o

.debug_str      0x00000000     0x255d
 .debug_str     0x00000000     0x253b src/lcd.o
                               0x254f (size before relaxing)
 .debug_str     0x0000253b       0x13 src/main.o
                               0x2536 (size before relaxing)
 .debug_str     0x0000254e        0xf src/songs.o
                               0x2529 (size before relaxing)

.comment        0x00000000       0x7f
 .comment       0x00000000       0x7f src/lcd.o
                                 0x80 (size before relaxing)
 .comment       0x0000007f       0x80 src/main.o
 .comment       0x0000007f       0x80 src/songs.o

.debug_frame    0x00000000      0x220
 .debug_frame   0x00000000       0x30 src/lcd.o
 .debug_frame   0x00000030       0x30 src/main.o
 .debug_frame   0x00000060       0x2c c:/ac6/systemworkbench/plugins/fr.ac6.mcu.externaltools.arm-none.win32_1.15.0.201708311556/tools/compiler/bin/../lib/gcc/arm-none-eabi/6.3.1/../../../../arm-none-eabi/lib/thumb/v6-m\libc.a(lib_a-init.o)
 .debug_frame   0x0000008c       0x54 c:/ac6/systemworkbench/plugins/fr.ac6.mcu.externaltools.arm-none.win32_1.15.0.201708311556/tools/compiler/bin/../lib/gcc/arm-none-eabi/6.3.1/../../../../arm-none-eabi/lib/thumb/v6-m\libc.a(lib_a-__call_atexit.o)
 .debug_frame   0x000000e0       0x28 c:/ac6/systemworkbench/plugins/fr.ac6.mcu.externaltools.arm-none.win32_1.15.0.201708311556/tools/compiler/bin/../lib/gcc/arm-none-eabi/6.3.1/../../../../arm-none-eabi/lib/thumb/v6-m\libc.a(lib_a-atexit.o)
 .debug_frame   0x00000108       0x2c c:/ac6/systemworkbench/plugins/fr.ac6.mcu.externaltools.arm-none.win32_1.15.0.201708311556/tools/compiler/bin/../lib/gcc/arm-none-eabi/6.3.1/../../../../arm-none-eabi/lib/thumb/v6-m\libc.a(lib_a-fini.o)
 .debug_frame   0x00000134       0xb0 c:/ac6/systemworkbench/plugins/fr.ac6.mcu.externaltools.arm-none.win32_1.15.0.201708311556/tools/compiler/bin/../lib/gcc/arm-none-eabi/6.3.1/../../../../arm-none-eabi/lib/thumb/v6-m\libc.a(lib_a-lock.o)
 .debug_frame   0x000001e4       0x3c c:/ac6/systemworkbench/plugins/fr.ac6.mcu.externaltools.arm-none.win32_1.15.0.201708311556/tools/compiler/bin/../lib/gcc/arm-none-eabi/6.3.1/../../../../arm-none-eabi/lib/thumb/v6-m\libc.a(lib_a-__atexit.o)
